Grammar

    0 $accept: Value $end

    1 Value: Expression OP_EXP_NEW_LINE
    2      | Expression OP_EXP_EOF

    3 Expression: OP_EXP_LOGICAL_NOT Expression
    4           | OP_EXP_ONES_COMPLIMENT Expression
    5           | Expression OP_EXP_MULTIPLY Expression
    6           | Expression OP_EXP_DIVIDE Expression
    7           | Expression OP_EXP_MODULO Expression
    8           | Expression OP_EXP_ADD Expression
    9           | Expression OP_EXP_SUBTRACT Expression
   10           | Expression OP_EXP_SHIFT_RIGHT Expression
   11           | Expression OP_EXP_SHIFT_LEFT Expression
   12           | Expression OP_EXP_GREATER Expression
   13           | Expression OP_EXP_LESS Expression
   14           | Expression OP_EXP_GREATER_EQUAL Expression
   15           | Expression OP_EXP_LESS_EQUAL Expression
   16           | Expression OP_EXP_EQUAL Expression
   17           | Expression OP_EXP_NOT_EQUAL Expression
   18           | Expression OP_EXP_AND Expression
   19           | Expression OP_EXP_XOR Expression
   20           | Expression OP_EXP_OR Expression
   21           | Expression OP_EXP_LOGICAL_AND Expression
   22           | Expression OP_EXP_LOGICAL_OR Expression
   23           | OP_EXP_PAREN_OPEN Expression OP_EXP_PAREN_CLOSE
   24           | OP_EXP_LABEL
   25           | OP_EXP_NUMBER
   26           | OP_EXP_HEX_NUMBER
   27           | OP_EXP_DECIMAL_NUMBER


Terminals, with rules where they appear

$end (0) 0
error (256)
OP_EXP_EOF (258) 2
OP_EXP_NEW_LINE (259) 1
OP_EXP_NUMBER (260) 25
OP_EXP_HEX_NUMBER (261) 26
OP_EXP_DECIMAL_NUMBER (262) 27
OP_EXP_LABEL (263) 24
OP_EXP_PAREN_OPEN (264) 23
OP_EXP_PAREN_CLOSE (265) 23
OP_EXP_LOGICAL_OR (266) 22
OP_EXP_LOGICAL_AND (267) 21
OP_EXP_OR (268) 20
OP_EXP_XOR (269) 19
OP_EXP_AND (270) 18
OP_EXP_NOT_EQUAL (271) 17
OP_EXP_EQUAL (272) 16
OP_EXP_LESS_EQUAL (273) 15
OP_EXP_GREATER_EQUAL (274) 14
OP_EXP_LESS (275) 13
OP_EXP_GREATER (276) 12
OP_EXP_SHIFT_LEFT (277) 11
OP_EXP_SHIFT_RIGHT (278) 10
OP_EXP_SUBTRACT (279) 9
OP_EXP_ADD (280) 8
OP_EXP_MODULO (281) 7
OP_EXP_DIVIDE (282) 6
OP_EXP_MULTIPLY (283) 5
OP_EXP_LOGICAL_NOT (284) 3
OP_EXP_ONES_COMPLIMENT (285) 4


Nonterminals, with rules where they appear

$accept (31)
    on left: 0
Value (32)
    on left: 1 2, on right: 0
Expression (33)
    on left: 3 4 5 6 7 8 9 10 11 12 13 14 15 16 17 18 19 20 21 22 23
    24 25 26 27, on right: 1 2 3 4 5 6 7 8 9 10 11 12 13 14 15 16 17
    18 19 20 21 22 23


state 0

    0 $accept: . Value $end

    OP_EXP_NUMBER           shift, and go to state 1
    OP_EXP_HEX_NUMBER       shift, and go to state 2
    OP_EXP_DECIMAL_NUMBER   shift, and go to state 3
    OP_EXP_LABEL            shift, and go to state 4
    OP_EXP_PAREN_OPEN       shift, and go to state 5
    OP_EXP_LOGICAL_NOT      shift, and go to state 6
    OP_EXP_ONES_COMPLIMENT  shift, and go to state 7

    Value       go to state 8
    Expression  go to state 9


state 1

   25 Expression: OP_EXP_NUMBER .

    $default  reduce using rule 25 (Expression)


state 2

   26 Expression: OP_EXP_HEX_NUMBER .

    $default  reduce using rule 26 (Expression)


state 3

   27 Expression: OP_EXP_DECIMAL_NUMBER .

    $default  reduce using rule 27 (Expression)


state 4

   24 Expression: OP_EXP_LABEL .

    $default  reduce using rule 24 (Expression)


state 5

   23 Expression: OP_EXP_PAREN_OPEN . Expression OP_EXP_PAREN_CLOSE

    OP_EXP_NUMBER           shift, and go to state 1
    OP_EXP_HEX_NUMBER       shift, and go to state 2
    OP_EXP_DECIMAL_NUMBER   shift, and go to state 3
    OP_EXP_LABEL            shift, and go to state 4
    OP_EXP_PAREN_OPEN       shift, and go to state 5
    OP_EXP_LOGICAL_NOT      shift, and go to state 6
    OP_EXP_ONES_COMPLIMENT  shift, and go to state 7

    Expression  go to state 10


state 6

    3 Expression: OP_EXP_LOGICAL_NOT . Expression

    OP_EXP_NUMBER           shift, and go to state 1
    OP_EXP_HEX_NUMBER       shift, and go to state 2
    OP_EXP_DECIMAL_NUMBER   shift, and go to state 3
    OP_EXP_LABEL            shift, and go to state 4
    OP_EXP_PAREN_OPEN       shift, and go to state 5
    OP_EXP_LOGICAL_NOT      shift, and go to state 6
    OP_EXP_ONES_COMPLIMENT  shift, and go to state 7

    Expression  go to state 11


state 7

    4 Expression: OP_EXP_ONES_COMPLIMENT . Expression

    OP_EXP_NUMBER           shift, and go to state 1
    OP_EXP_HEX_NUMBER       shift, and go to state 2
    OP_EXP_DECIMAL_NUMBER   shift, and go to state 3
    OP_EXP_LABEL            shift, and go to state 4
    OP_EXP_PAREN_OPEN       shift, and go to state 5
    OP_EXP_LOGICAL_NOT      shift, and go to state 6
    OP_EXP_ONES_COMPLIMENT  shift, and go to state 7

    Expression  go to state 12


state 8

    0 $accept: Value . $end

    $end  shift, and go to state 13


state 9

    1 Value: Expression . OP_EXP_NEW_LINE
    2      | Expression . OP_EXP_EOF
    5 Expression: Expression . OP_EXP_MULTIPLY Expression
    6           | Expression . OP_EXP_DIVIDE Expression
    7           | Expression . OP_EXP_MODULO Expression
    8           | Expression . OP_EXP_ADD Expression
    9           | Expression . OP_EXP_SUBTRACT Expression
   10           | Expression . OP_EXP_SHIFT_RIGHT Expression
   11           | Expression . OP_EXP_SHIFT_LEFT Expression
   12           | Expression . OP_EXP_GREATER Expression
   13           | Expression . OP_EXP_LESS Expression
   14           | Expression . OP_EXP_GREATER_EQUAL Expression
   15           | Expression . OP_EXP_LESS_EQUAL Expression
   16           | Expression . OP_EXP_EQUAL Expression
   17           | Expression . OP_EXP_NOT_EQUAL Expression
   18           | Expression . OP_EXP_AND Expression
   19           | Expression . OP_EXP_XOR Expression
   20           | Expression . OP_EXP_OR Expression
   21           | Expression . OP_EXP_LOGICAL_AND Expression
   22           | Expression . OP_EXP_LOGICAL_OR Expression

    OP_EXP_EOF            shift, and go to state 14
    OP_EXP_NEW_LINE       shift, and go to state 15
    OP_EXP_LOGICAL_OR     shift, and go to state 16
    OP_EXP_LOGICAL_AND    shift, and go to state 17
    OP_EXP_OR             shift, and go to state 18
    OP_EXP_XOR            shift, and go to state 19
    OP_EXP_AND            shift, and go to state 20
    OP_EXP_NOT_EQUAL      shift, and go to state 21
    OP_EXP_EQUAL          shift, and go to state 22
    OP_EXP_LESS_EQUAL     shift, and go to state 23
    OP_EXP_GREATER_EQUAL  shift, and go to state 24
    OP_EXP_LESS           shift, and go to state 25
    OP_EXP_GREATER        shift, and go to state 26
    OP_EXP_SHIFT_LEFT     shift, and go to state 27
    OP_EXP_SHIFT_RIGHT    shift, and go to state 28
    OP_EXP_SUBTRACT       shift, and go to state 29
    OP_EXP_ADD            shift, and go to state 30
    OP_EXP_MODULO         shift, and go to state 31
    OP_EXP_DIVIDE         shift, and go to state 32
    OP_EXP_MULTIPLY       shift, and go to state 33


state 10

    5 Expression: Expression . OP_EXP_MULTIPLY Expression
    6           | Expression . OP_EXP_DIVIDE Expression
    7           | Expression . OP_EXP_MODULO Expression
    8           | Expression . OP_EXP_ADD Expression
    9           | Expression . OP_EXP_SUBTRACT Expression
   10           | Expression . OP_EXP_SHIFT_RIGHT Expression
   11           | Expression . OP_EXP_SHIFT_LEFT Expression
   12           | Expression . OP_EXP_GREATER Expression
   13           | Expression . OP_EXP_LESS Expression
   14           | Expression . OP_EXP_GREATER_EQUAL Expression
   15           | Expression . OP_EXP_LESS_EQUAL Expression
   16           | Expression . OP_EXP_EQUAL Expression
   17           | Expression . OP_EXP_NOT_EQUAL Expression
   18           | Expression . OP_EXP_AND Expression
   19           | Expression . OP_EXP_XOR Expression
   20           | Expression . OP_EXP_OR Expression
   21           | Expression . OP_EXP_LOGICAL_AND Expression
   22           | Expression . OP_EXP_LOGICAL_OR Expression
   23           | OP_EXP_PAREN_OPEN Expression . OP_EXP_PAREN_CLOSE

    OP_EXP_PAREN_CLOSE    shift, and go to state 34
    OP_EXP_LOGICAL_OR     shift, and go to state 16
    OP_EXP_LOGICAL_AND    shift, and go to state 17
    OP_EXP_OR             shift, and go to state 18
    OP_EXP_XOR            shift, and go to state 19
    OP_EXP_AND            shift, and go to state 20
    OP_EXP_NOT_EQUAL      shift, and go to state 21
    OP_EXP_EQUAL          shift, and go to state 22
    OP_EXP_LESS_EQUAL     shift, and go to state 23
    OP_EXP_GREATER_EQUAL  shift, and go to state 24
    OP_EXP_LESS           shift, and go to state 25
    OP_EXP_GREATER        shift, and go to state 26
    OP_EXP_SHIFT_LEFT     shift, and go to state 27
    OP_EXP_SHIFT_RIGHT    shift, and go to state 28
    OP_EXP_SUBTRACT       shift, and go to state 29
    OP_EXP_ADD            shift, and go to state 30
    OP_EXP_MODULO         shift, and go to state 31
    OP_EXP_DIVIDE         shift, and go to state 32
    OP_EXP_MULTIPLY       shift, and go to state 33


state 11

    3 Expression: OP_EXP_LOGICAL_NOT Expression .
    5           | Expression . OP_EXP_MULTIPLY Expression
    6           | Expression . OP_EXP_DIVIDE Expression
    7           | Expression . OP_EXP_MODULO Expression
    8           | Expression . OP_EXP_ADD Expression
    9           | Expression . OP_EXP_SUBTRACT Expression
   10           | Expression . OP_EXP_SHIFT_RIGHT Expression
   11           | Expression . OP_EXP_SHIFT_LEFT Expression
   12           | Expression . OP_EXP_GREATER Expression
   13           | Expression . OP_EXP_LESS Expression
   14           | Expression . OP_EXP_GREATER_EQUAL Expression
   15           | Expression . OP_EXP_LESS_EQUAL Expression
   16           | Expression . OP_EXP_EQUAL Expression
   17           | Expression . OP_EXP_NOT_EQUAL Expression
   18           | Expression . OP_EXP_AND Expression
   19           | Expression . OP_EXP_XOR Expression
   20           | Expression . OP_EXP_OR Expression
   21           | Expression . OP_EXP_LOGICAL_AND Expression
   22           | Expression . OP_EXP_LOGICAL_OR Expression

    $default  reduce using rule 3 (Expression)


state 12

    4 Expression: OP_EXP_ONES_COMPLIMENT Expression .
    5           | Expression . OP_EXP_MULTIPLY Expression
    6           | Expression . OP_EXP_DIVIDE Expression
    7           | Expression . OP_EXP_MODULO Expression
    8           | Expression . OP_EXP_ADD Expression
    9           | Expression . OP_EXP_SUBTRACT Expression
   10           | Expression . OP_EXP_SHIFT_RIGHT Expression
   11           | Expression . OP_EXP_SHIFT_LEFT Expression
   12           | Expression . OP_EXP_GREATER Expression
   13           | Expression . OP_EXP_LESS Expression
   14           | Expression . OP_EXP_GREATER_EQUAL Expression
   15           | Expression . OP_EXP_LESS_EQUAL Expression
   16           | Expression . OP_EXP_EQUAL Expression
   17           | Expression . OP_EXP_NOT_EQUAL Expression
   18           | Expression . OP_EXP_AND Expression
   19           | Expression . OP_EXP_XOR Expression
   20           | Expression . OP_EXP_OR Expression
   21           | Expression . OP_EXP_LOGICAL_AND Expression
   22           | Expression . OP_EXP_LOGICAL_OR Expression

    $default  reduce using rule 4 (Expression)


state 13

    0 $accept: Value $end .

    $default  accept


state 14

    2 Value: Expression OP_EXP_EOF .

    $default  reduce using rule 2 (Value)


state 15

    1 Value: Expression OP_EXP_NEW_LINE .

    $default  reduce using rule 1 (Value)


state 16

   22 Expression: Expression OP_EXP_LOGICAL_OR . Expression

    OP_EXP_NUMBER           shift, and go to state 1
    OP_EXP_HEX_NUMBER       shift, and go to state 2
    OP_EXP_DECIMAL_NUMBER   shift, and go to state 3
    OP_EXP_LABEL            shift, and go to state 4
    OP_EXP_PAREN_OPEN       shift, and go to state 5
    OP_EXP_LOGICAL_NOT      shift, and go to state 6
    OP_EXP_ONES_COMPLIMENT  shift, and go to state 7

    Expression  go to state 35


state 17

   21 Expression: Expression OP_EXP_LOGICAL_AND . Expression

    OP_EXP_NUMBER           shift, and go to state 1
    OP_EXP_HEX_NUMBER       shift, and go to state 2
    OP_EXP_DECIMAL_NUMBER   shift, and go to state 3
    OP_EXP_LABEL            shift, and go to state 4
    OP_EXP_PAREN_OPEN       shift, and go to state 5
    OP_EXP_LOGICAL_NOT      shift, and go to state 6
    OP_EXP_ONES_COMPLIMENT  shift, and go to state 7

    Expression  go to state 36


state 18

   20 Expression: Expression OP_EXP_OR . Expression

    OP_EXP_NUMBER           shift, and go to state 1
    OP_EXP_HEX_NUMBER       shift, and go to state 2
    OP_EXP_DECIMAL_NUMBER   shift, and go to state 3
    OP_EXP_LABEL            shift, and go to state 4
    OP_EXP_PAREN_OPEN       shift, and go to state 5
    OP_EXP_LOGICAL_NOT      shift, and go to state 6
    OP_EXP_ONES_COMPLIMENT  shift, and go to state 7

    Expression  go to state 37


state 19

   19 Expression: Expression OP_EXP_XOR . Expression

    OP_EXP_NUMBER           shift, and go to state 1
    OP_EXP_HEX_NUMBER       shift, and go to state 2
    OP_EXP_DECIMAL_NUMBER   shift, and go to state 3
    OP_EXP_LABEL            shift, and go to state 4
    OP_EXP_PAREN_OPEN       shift, and go to state 5
    OP_EXP_LOGICAL_NOT      shift, and go to state 6
    OP_EXP_ONES_COMPLIMENT  shift, and go to state 7

    Expression  go to state 38


state 20

   18 Expression: Expression OP_EXP_AND . Expression

    OP_EXP_NUMBER           shift, and go to state 1
    OP_EXP_HEX_NUMBER       shift, and go to state 2
    OP_EXP_DECIMAL_NUMBER   shift, and go to state 3
    OP_EXP_LABEL            shift, and go to state 4
    OP_EXP_PAREN_OPEN       shift, and go to state 5
    OP_EXP_LOGICAL_NOT      shift, and go to state 6
    OP_EXP_ONES_COMPLIMENT  shift, and go to state 7

    Expression  go to state 39


state 21

   17 Expression: Expression OP_EXP_NOT_EQUAL . Expression

    OP_EXP_NUMBER           shift, and go to state 1
    OP_EXP_HEX_NUMBER       shift, and go to state 2
    OP_EXP_DECIMAL_NUMBER   shift, and go to state 3
    OP_EXP_LABEL            shift, and go to state 4
    OP_EXP_PAREN_OPEN       shift, and go to state 5
    OP_EXP_LOGICAL_NOT      shift, and go to state 6
    OP_EXP_ONES_COMPLIMENT  shift, and go to state 7

    Expression  go to state 40


state 22

   16 Expression: Expression OP_EXP_EQUAL . Expression

    OP_EXP_NUMBER           shift, and go to state 1
    OP_EXP_HEX_NUMBER       shift, and go to state 2
    OP_EXP_DECIMAL_NUMBER   shift, and go to state 3
    OP_EXP_LABEL            shift, and go to state 4
    OP_EXP_PAREN_OPEN       shift, and go to state 5
    OP_EXP_LOGICAL_NOT      shift, and go to state 6
    OP_EXP_ONES_COMPLIMENT  shift, and go to state 7

    Expression  go to state 41


state 23

   15 Expression: Expression OP_EXP_LESS_EQUAL . Expression

    OP_EXP_NUMBER           shift, and go to state 1
    OP_EXP_HEX_NUMBER       shift, and go to state 2
    OP_EXP_DECIMAL_NUMBER   shift, and go to state 3
    OP_EXP_LABEL            shift, and go to state 4
    OP_EXP_PAREN_OPEN       shift, and go to state 5
    OP_EXP_LOGICAL_NOT      shift, and go to state 6
    OP_EXP_ONES_COMPLIMENT  shift, and go to state 7

    Expression  go to state 42


state 24

   14 Expression: Expression OP_EXP_GREATER_EQUAL . Expression

    OP_EXP_NUMBER           shift, and go to state 1
    OP_EXP_HEX_NUMBER       shift, and go to state 2
    OP_EXP_DECIMAL_NUMBER   shift, and go to state 3
    OP_EXP_LABEL            shift, and go to state 4
    OP_EXP_PAREN_OPEN       shift, and go to state 5
    OP_EXP_LOGICAL_NOT      shift, and go to state 6
    OP_EXP_ONES_COMPLIMENT  shift, and go to state 7

    Expression  go to state 43


state 25

   13 Expression: Expression OP_EXP_LESS . Expression

    OP_EXP_NUMBER           shift, and go to state 1
    OP_EXP_HEX_NUMBER       shift, and go to state 2
    OP_EXP_DECIMAL_NUMBER   shift, and go to state 3
    OP_EXP_LABEL            shift, and go to state 4
    OP_EXP_PAREN_OPEN       shift, and go to state 5
    OP_EXP_LOGICAL_NOT      shift, and go to state 6
    OP_EXP_ONES_COMPLIMENT  shift, and go to state 7

    Expression  go to state 44


state 26

   12 Expression: Expression OP_EXP_GREATER . Expression

    OP_EXP_NUMBER           shift, and go to state 1
    OP_EXP_HEX_NUMBER       shift, and go to state 2
    OP_EXP_DECIMAL_NUMBER   shift, and go to state 3
    OP_EXP_LABEL            shift, and go to state 4
    OP_EXP_PAREN_OPEN       shift, and go to state 5
    OP_EXP_LOGICAL_NOT      shift, and go to state 6
    OP_EXP_ONES_COMPLIMENT  shift, and go to state 7

    Expression  go to state 45


state 27

   11 Expression: Expression OP_EXP_SHIFT_LEFT . Expression

    OP_EXP_NUMBER           shift, and go to state 1
    OP_EXP_HEX_NUMBER       shift, and go to state 2
    OP_EXP_DECIMAL_NUMBER   shift, and go to state 3
    OP_EXP_LABEL            shift, and go to state 4
    OP_EXP_PAREN_OPEN       shift, and go to state 5
    OP_EXP_LOGICAL_NOT      shift, and go to state 6
    OP_EXP_ONES_COMPLIMENT  shift, and go to state 7

    Expression  go to state 46


state 28

   10 Expression: Expression OP_EXP_SHIFT_RIGHT . Expression

    OP_EXP_NUMBER           shift, and go to state 1
    OP_EXP_HEX_NUMBER       shift, and go to state 2
    OP_EXP_DECIMAL_NUMBER   shift, and go to state 3
    OP_EXP_LABEL            shift, and go to state 4
    OP_EXP_PAREN_OPEN       shift, and go to state 5
    OP_EXP_LOGICAL_NOT      shift, and go to state 6
    OP_EXP_ONES_COMPLIMENT  shift, and go to state 7

    Expression  go to state 47


state 29

    9 Expression: Expression OP_EXP_SUBTRACT . Expression

    OP_EXP_NUMBER           shift, and go to state 1
    OP_EXP_HEX_NUMBER       shift, and go to state 2
    OP_EXP_DECIMAL_NUMBER   shift, and go to state 3
    OP_EXP_LABEL            shift, and go to state 4
    OP_EXP_PAREN_OPEN       shift, and go to state 5
    OP_EXP_LOGICAL_NOT      shift, and go to state 6
    OP_EXP_ONES_COMPLIMENT  shift, and go to state 7

    Expression  go to state 48


state 30

    8 Expression: Expression OP_EXP_ADD . Expression

    OP_EXP_NUMBER           shift, and go to state 1
    OP_EXP_HEX_NUMBER       shift, and go to state 2
    OP_EXP_DECIMAL_NUMBER   shift, and go to state 3
    OP_EXP_LABEL            shift, and go to state 4
    OP_EXP_PAREN_OPEN       shift, and go to state 5
    OP_EXP_LOGICAL_NOT      shift, and go to state 6
    OP_EXP_ONES_COMPLIMENT  shift, and go to state 7

    Expression  go to state 49


state 31

    7 Expression: Expression OP_EXP_MODULO . Expression

    OP_EXP_NUMBER           shift, and go to state 1
    OP_EXP_HEX_NUMBER       shift, and go to state 2
    OP_EXP_DECIMAL_NUMBER   shift, and go to state 3
    OP_EXP_LABEL            shift, and go to state 4
    OP_EXP_PAREN_OPEN       shift, and go to state 5
    OP_EXP_LOGICAL_NOT      shift, and go to state 6
    OP_EXP_ONES_COMPLIMENT  shift, and go to state 7

    Expression  go to state 50


state 32

    6 Expression: Expression OP_EXP_DIVIDE . Expression

    OP_EXP_NUMBER           shift, and go to state 1
    OP_EXP_HEX_NUMBER       shift, and go to state 2
    OP_EXP_DECIMAL_NUMBER   shift, and go to state 3
    OP_EXP_LABEL            shift, and go to state 4
    OP_EXP_PAREN_OPEN       shift, and go to state 5
    OP_EXP_LOGICAL_NOT      shift, and go to state 6
    OP_EXP_ONES_COMPLIMENT  shift, and go to state 7

    Expression  go to state 51


state 33

    5 Expression: Expression OP_EXP_MULTIPLY . Expression

    OP_EXP_NUMBER           shift, and go to state 1
    OP_EXP_HEX_NUMBER       shift, and go to state 2
    OP_EXP_DECIMAL_NUMBER   shift, and go to state 3
    OP_EXP_LABEL            shift, and go to state 4
    OP_EXP_PAREN_OPEN       shift, and go to state 5
    OP_EXP_LOGICAL_NOT      shift, and go to state 6
    OP_EXP_ONES_COMPLIMENT  shift, and go to state 7

    Expression  go to state 52


state 34

   23 Expression: OP_EXP_PAREN_OPEN Expression OP_EXP_PAREN_CLOSE .

    $default  reduce using rule 23 (Expression)


state 35

    5 Expression: Expression . OP_EXP_MULTIPLY Expression
    6           | Expression . OP_EXP_DIVIDE Expression
    7           | Expression . OP_EXP_MODULO Expression
    8           | Expression . OP_EXP_ADD Expression
    9           | Expression . OP_EXP_SUBTRACT Expression
   10           | Expression . OP_EXP_SHIFT_RIGHT Expression
   11           | Expression . OP_EXP_SHIFT_LEFT Expression
   12           | Expression . OP_EXP_GREATER Expression
   13           | Expression . OP_EXP_LESS Expression
   14           | Expression . OP_EXP_GREATER_EQUAL Expression
   15           | Expression . OP_EXP_LESS_EQUAL Expression
   16           | Expression . OP_EXP_EQUAL Expression
   17           | Expression . OP_EXP_NOT_EQUAL Expression
   18           | Expression . OP_EXP_AND Expression
   19           | Expression . OP_EXP_XOR Expression
   20           | Expression . OP_EXP_OR Expression
   21           | Expression . OP_EXP_LOGICAL_AND Expression
   22           | Expression . OP_EXP_LOGICAL_OR Expression
   22           | Expression OP_EXP_LOGICAL_OR Expression .

    OP_EXP_LOGICAL_AND    shift, and go to state 17
    OP_EXP_OR             shift, and go to state 18
    OP_EXP_XOR            shift, and go to state 19
    OP_EXP_AND            shift, and go to state 20
    OP_EXP_NOT_EQUAL      shift, and go to state 21
    OP_EXP_EQUAL          shift, and go to state 22
    OP_EXP_LESS_EQUAL     shift, and go to state 23
    OP_EXP_GREATER_EQUAL  shift, and go to state 24
    OP_EXP_LESS           shift, and go to state 25
    OP_EXP_GREATER        shift, and go to state 26
    OP_EXP_SHIFT_LEFT     shift, and go to state 27
    OP_EXP_SHIFT_RIGHT    shift, and go to state 28
    OP_EXP_SUBTRACT       shift, and go to state 29
    OP_EXP_ADD            shift, and go to state 30
    OP_EXP_MODULO         shift, and go to state 31
    OP_EXP_DIVIDE         shift, and go to state 32
    OP_EXP_MULTIPLY       shift, and go to state 33

    $default  reduce using rule 22 (Expression)


state 36

    5 Expression: Expression . OP_EXP_MULTIPLY Expression
    6           | Expression . OP_EXP_DIVIDE Expression
    7           | Expression . OP_EXP_MODULO Expression
    8           | Expression . OP_EXP_ADD Expression
    9           | Expression . OP_EXP_SUBTRACT Expression
   10           | Expression . OP_EXP_SHIFT_RIGHT Expression
   11           | Expression . OP_EXP_SHIFT_LEFT Expression
   12           | Expression . OP_EXP_GREATER Expression
   13           | Expression . OP_EXP_LESS Expression
   14           | Expression . OP_EXP_GREATER_EQUAL Expression
   15           | Expression . OP_EXP_LESS_EQUAL Expression
   16           | Expression . OP_EXP_EQUAL Expression
   17           | Expression . OP_EXP_NOT_EQUAL Expression
   18           | Expression . OP_EXP_AND Expression
   19           | Expression . OP_EXP_XOR Expression
   20           | Expression . OP_EXP_OR Expression
   21           | Expression . OP_EXP_LOGICAL_AND Expression
   21           | Expression OP_EXP_LOGICAL_AND Expression .
   22           | Expression . OP_EXP_LOGICAL_OR Expression

    OP_EXP_OR             shift, and go to state 18
    OP_EXP_XOR            shift, and go to state 19
    OP_EXP_AND            shift, and go to state 20
    OP_EXP_NOT_EQUAL      shift, and go to state 21
    OP_EXP_EQUAL          shift, and go to state 22
    OP_EXP_LESS_EQUAL     shift, and go to state 23
    OP_EXP_GREATER_EQUAL  shift, and go to state 24
    OP_EXP_LESS           shift, and go to state 25
    OP_EXP_GREATER        shift, and go to state 26
    OP_EXP_SHIFT_LEFT     shift, and go to state 27
    OP_EXP_SHIFT_RIGHT    shift, and go to state 28
    OP_EXP_SUBTRACT       shift, and go to state 29
    OP_EXP_ADD            shift, and go to state 30
    OP_EXP_MODULO         shift, and go to state 31
    OP_EXP_DIVIDE         shift, and go to state 32
    OP_EXP_MULTIPLY       shift, and go to state 33

    $default  reduce using rule 21 (Expression)


state 37

    5 Expression: Expression . OP_EXP_MULTIPLY Expression
    6           | Expression . OP_EXP_DIVIDE Expression
    7           | Expression . OP_EXP_MODULO Expression
    8           | Expression . OP_EXP_ADD Expression
    9           | Expression . OP_EXP_SUBTRACT Expression
   10           | Expression . OP_EXP_SHIFT_RIGHT Expression
   11           | Expression . OP_EXP_SHIFT_LEFT Expression
   12           | Expression . OP_EXP_GREATER Expression
   13           | Expression . OP_EXP_LESS Expression
   14           | Expression . OP_EXP_GREATER_EQUAL Expression
   15           | Expression . OP_EXP_LESS_EQUAL Expression
   16           | Expression . OP_EXP_EQUAL Expression
   17           | Expression . OP_EXP_NOT_EQUAL Expression
   18           | Expression . OP_EXP_AND Expression
   19           | Expression . OP_EXP_XOR Expression
   20           | Expression . OP_EXP_OR Expression
   20           | Expression OP_EXP_OR Expression .
   21           | Expression . OP_EXP_LOGICAL_AND Expression
   22           | Expression . OP_EXP_LOGICAL_OR Expression

    OP_EXP_XOR            shift, and go to state 19
    OP_EXP_AND            shift, and go to state 20
    OP_EXP_NOT_EQUAL      shift, and go to state 21
    OP_EXP_EQUAL          shift, and go to state 22
    OP_EXP_LESS_EQUAL     shift, and go to state 23
    OP_EXP_GREATER_EQUAL  shift, and go to state 24
    OP_EXP_LESS           shift, and go to state 25
    OP_EXP_GREATER        shift, and go to state 26
    OP_EXP_SHIFT_LEFT     shift, and go to state 27
    OP_EXP_SHIFT_RIGHT    shift, and go to state 28
    OP_EXP_SUBTRACT       shift, and go to state 29
    OP_EXP_ADD            shift, and go to state 30
    OP_EXP_MODULO         shift, and go to state 31
    OP_EXP_DIVIDE         shift, and go to state 32
    OP_EXP_MULTIPLY       shift, and go to state 33

    $default  reduce using rule 20 (Expression)


state 38

    5 Expression: Expression . OP_EXP_MULTIPLY Expression
    6           | Expression . OP_EXP_DIVIDE Expression
    7           | Expression . OP_EXP_MODULO Expression
    8           | Expression . OP_EXP_ADD Expression
    9           | Expression . OP_EXP_SUBTRACT Expression
   10           | Expression . OP_EXP_SHIFT_RIGHT Expression
   11           | Expression . OP_EXP_SHIFT_LEFT Expression
   12           | Expression . OP_EXP_GREATER Expression
   13           | Expression . OP_EXP_LESS Expression
   14           | Expression . OP_EXP_GREATER_EQUAL Expression
   15           | Expression . OP_EXP_LESS_EQUAL Expression
   16           | Expression . OP_EXP_EQUAL Expression
   17           | Expression . OP_EXP_NOT_EQUAL Expression
   18           | Expression . OP_EXP_AND Expression
   19           | Expression . OP_EXP_XOR Expression
   19           | Expression OP_EXP_XOR Expression .
   20           | Expression . OP_EXP_OR Expression
   21           | Expression . OP_EXP_LOGICAL_AND Expression
   22           | Expression . OP_EXP_LOGICAL_OR Expression

    OP_EXP_AND            shift, and go to state 20
    OP_EXP_NOT_EQUAL      shift, and go to state 21
    OP_EXP_EQUAL          shift, and go to state 22
    OP_EXP_LESS_EQUAL     shift, and go to state 23
    OP_EXP_GREATER_EQUAL  shift, and go to state 24
    OP_EXP_LESS           shift, and go to state 25
    OP_EXP_GREATER        shift, and go to state 26
    OP_EXP_SHIFT_LEFT     shift, and go to state 27
    OP_EXP_SHIFT_RIGHT    shift, and go to state 28
    OP_EXP_SUBTRACT       shift, and go to state 29
    OP_EXP_ADD            shift, and go to state 30
    OP_EXP_MODULO         shift, and go to state 31
    OP_EXP_DIVIDE         shift, and go to state 32
    OP_EXP_MULTIPLY       shift, and go to state 33

    $default  reduce using rule 19 (Expression)


state 39

    5 Expression: Expression . OP_EXP_MULTIPLY Expression
    6           | Expression . OP_EXP_DIVIDE Expression
    7           | Expression . OP_EXP_MODULO Expression
    8           | Expression . OP_EXP_ADD Expression
    9           | Expression . OP_EXP_SUBTRACT Expression
   10           | Expression . OP_EXP_SHIFT_RIGHT Expression
   11           | Expression . OP_EXP_SHIFT_LEFT Expression
   12           | Expression . OP_EXP_GREATER Expression
   13           | Expression . OP_EXP_LESS Expression
   14           | Expression . OP_EXP_GREATER_EQUAL Expression
   15           | Expression . OP_EXP_LESS_EQUAL Expression
   16           | Expression . OP_EXP_EQUAL Expression
   17           | Expression . OP_EXP_NOT_EQUAL Expression
   18           | Expression . OP_EXP_AND Expression
   18           | Expression OP_EXP_AND Expression .
   19           | Expression . OP_EXP_XOR Expression
   20           | Expression . OP_EXP_OR Expression
   21           | Expression . OP_EXP_LOGICAL_AND Expression
   22           | Expression . OP_EXP_LOGICAL_OR Expression

    OP_EXP_NOT_EQUAL      shift, and go to state 21
    OP_EXP_EQUAL          shift, and go to state 22
    OP_EXP_LESS_EQUAL     shift, and go to state 23
    OP_EXP_GREATER_EQUAL  shift, and go to state 24
    OP_EXP_LESS           shift, and go to state 25
    OP_EXP_GREATER        shift, and go to state 26
    OP_EXP_SHIFT_LEFT     shift, and go to state 27
    OP_EXP_SHIFT_RIGHT    shift, and go to state 28
    OP_EXP_SUBTRACT       shift, and go to state 29
    OP_EXP_ADD            shift, and go to state 30
    OP_EXP_MODULO         shift, and go to state 31
    OP_EXP_DIVIDE         shift, and go to state 32
    OP_EXP_MULTIPLY       shift, and go to state 33

    $default  reduce using rule 18 (Expression)


state 40

    5 Expression: Expression . OP_EXP_MULTIPLY Expression
    6           | Expression . OP_EXP_DIVIDE Expression
    7           | Expression . OP_EXP_MODULO Expression
    8           | Expression . OP_EXP_ADD Expression
    9           | Expression . OP_EXP_SUBTRACT Expression
   10           | Expression . OP_EXP_SHIFT_RIGHT Expression
   11           | Expression . OP_EXP_SHIFT_LEFT Expression
   12           | Expression . OP_EXP_GREATER Expression
   13           | Expression . OP_EXP_LESS Expression
   14           | Expression . OP_EXP_GREATER_EQUAL Expression
   15           | Expression . OP_EXP_LESS_EQUAL Expression
   16           | Expression . OP_EXP_EQUAL Expression
   17           | Expression . OP_EXP_NOT_EQUAL Expression
   17           | Expression OP_EXP_NOT_EQUAL Expression .
   18           | Expression . OP_EXP_AND Expression
   19           | Expression . OP_EXP_XOR Expression
   20           | Expression . OP_EXP_OR Expression
   21           | Expression . OP_EXP_LOGICAL_AND Expression
   22           | Expression . OP_EXP_LOGICAL_OR Expression

    OP_EXP_LESS_EQUAL     shift, and go to state 23
    OP_EXP_GREATER_EQUAL  shift, and go to state 24
    OP_EXP_LESS           shift, and go to state 25
    OP_EXP_GREATER        shift, and go to state 26
    OP_EXP_SHIFT_LEFT     shift, and go to state 27
    OP_EXP_SHIFT_RIGHT    shift, and go to state 28
    OP_EXP_SUBTRACT       shift, and go to state 29
    OP_EXP_ADD            shift, and go to state 30
    OP_EXP_MODULO         shift, and go to state 31
    OP_EXP_DIVIDE         shift, and go to state 32
    OP_EXP_MULTIPLY       shift, and go to state 33

    $default  reduce using rule 17 (Expression)


state 41

    5 Expression: Expression . OP_EXP_MULTIPLY Expression
    6           | Expression . OP_EXP_DIVIDE Expression
    7           | Expression . OP_EXP_MODULO Expression
    8           | Expression . OP_EXP_ADD Expression
    9           | Expression . OP_EXP_SUBTRACT Expression
   10           | Expression . OP_EXP_SHIFT_RIGHT Expression
   11           | Expression . OP_EXP_SHIFT_LEFT Expression
   12           | Expression . OP_EXP_GREATER Expression
   13           | Expression . OP_EXP_LESS Expression
   14           | Expression . OP_EXP_GREATER_EQUAL Expression
   15           | Expression . OP_EXP_LESS_EQUAL Expression
   16           | Expression . OP_EXP_EQUAL Expression
   16           | Expression OP_EXP_EQUAL Expression .
   17           | Expression . OP_EXP_NOT_EQUAL Expression
   18           | Expression . OP_EXP_AND Expression
   19           | Expression . OP_EXP_XOR Expression
   20           | Expression . OP_EXP_OR Expression
   21           | Expression . OP_EXP_LOGICAL_AND Expression
   22           | Expression . OP_EXP_LOGICAL_OR Expression

    OP_EXP_LESS_EQUAL     shift, and go to state 23
    OP_EXP_GREATER_EQUAL  shift, and go to state 24
    OP_EXP_LESS           shift, and go to state 25
    OP_EXP_GREATER        shift, and go to state 26
    OP_EXP_SHIFT_LEFT     shift, and go to state 27
    OP_EXP_SHIFT_RIGHT    shift, and go to state 28
    OP_EXP_SUBTRACT       shift, and go to state 29
    OP_EXP_ADD            shift, and go to state 30
    OP_EXP_MODULO         shift, and go to state 31
    OP_EXP_DIVIDE         shift, and go to state 32
    OP_EXP_MULTIPLY       shift, and go to state 33

    $default  reduce using rule 16 (Expression)


state 42

    5 Expression: Expression . OP_EXP_MULTIPLY Expression
    6           | Expression . OP_EXP_DIVIDE Expression
    7           | Expression . OP_EXP_MODULO Expression
    8           | Expression . OP_EXP_ADD Expression
    9           | Expression . OP_EXP_SUBTRACT Expression
   10           | Expression . OP_EXP_SHIFT_RIGHT Expression
   11           | Expression . OP_EXP_SHIFT_LEFT Expression
   12           | Expression . OP_EXP_GREATER Expression
   13           | Expression . OP_EXP_LESS Expression
   14           | Expression . OP_EXP_GREATER_EQUAL Expression
   15           | Expression . OP_EXP_LESS_EQUAL Expression
   15           | Expression OP_EXP_LESS_EQUAL Expression .
   16           | Expression . OP_EXP_EQUAL Expression
   17           | Expression . OP_EXP_NOT_EQUAL Expression
   18           | Expression . OP_EXP_AND Expression
   19           | Expression . OP_EXP_XOR Expression
   20           | Expression . OP_EXP_OR Expression
   21           | Expression . OP_EXP_LOGICAL_AND Expression
   22           | Expression . OP_EXP_LOGICAL_OR Expression

    OP_EXP_SHIFT_LEFT   shift, and go to state 27
    OP_EXP_SHIFT_RIGHT  shift, and go to state 28
    OP_EXP_SUBTRACT     shift, and go to state 29
    OP_EXP_ADD          shift, and go to state 30
    OP_EXP_MODULO       shift, and go to state 31
    OP_EXP_DIVIDE       shift, and go to state 32
    OP_EXP_MULTIPLY     shift, and go to state 33

    $default  reduce using rule 15 (Expression)


state 43

    5 Expression: Expression . OP_EXP_MULTIPLY Expression
    6           | Expression . OP_EXP_DIVIDE Expression
    7           | Expression . OP_EXP_MODULO Expression
    8           | Expression . OP_EXP_ADD Expression
    9           | Expression . OP_EXP_SUBTRACT Expression
   10           | Expression . OP_EXP_SHIFT_RIGHT Expression
   11           | Expression . OP_EXP_SHIFT_LEFT Expression
   12           | Expression . OP_EXP_GREATER Expression
   13           | Expression . OP_EXP_LESS Expression
   14           | Expression . OP_EXP_GREATER_EQUAL Expression
   14           | Expression OP_EXP_GREATER_EQUAL Expression .
   15           | Expression . OP_EXP_LESS_EQUAL Expression
   16           | Expression . OP_EXP_EQUAL Expression
   17           | Expression . OP_EXP_NOT_EQUAL Expression
   18           | Expression . OP_EXP_AND Expression
   19           | Expression . OP_EXP_XOR Expression
   20           | Expression . OP_EXP_OR Expression
   21           | Expression . OP_EXP_LOGICAL_AND Expression
   22           | Expression . OP_EXP_LOGICAL_OR Expression

    OP_EXP_SHIFT_LEFT   shift, and go to state 27
    OP_EXP_SHIFT_RIGHT  shift, and go to state 28
    OP_EXP_SUBTRACT     shift, and go to state 29
    OP_EXP_ADD          shift, and go to state 30
    OP_EXP_MODULO       shift, and go to state 31
    OP_EXP_DIVIDE       shift, and go to state 32
    OP_EXP_MULTIPLY     shift, and go to state 33

    $default  reduce using rule 14 (Expression)


state 44

    5 Expression: Expression . OP_EXP_MULTIPLY Expression
    6           | Expression . OP_EXP_DIVIDE Expression
    7           | Expression . OP_EXP_MODULO Expression
    8           | Expression . OP_EXP_ADD Expression
    9           | Expression . OP_EXP_SUBTRACT Expression
   10           | Expression . OP_EXP_SHIFT_RIGHT Expression
   11           | Expression . OP_EXP_SHIFT_LEFT Expression
   12           | Expression . OP_EXP_GREATER Expression
   13           | Expression . OP_EXP_LESS Expression
   13           | Expression OP_EXP_LESS Expression .
   14           | Expression . OP_EXP_GREATER_EQUAL Expression
   15           | Expression . OP_EXP_LESS_EQUAL Expression
   16           | Expression . OP_EXP_EQUAL Expression
   17           | Expression . OP_EXP_NOT_EQUAL Expression
   18           | Expression . OP_EXP_AND Expression
   19           | Expression . OP_EXP_XOR Expression
   20           | Expression . OP_EXP_OR Expression
   21           | Expression . OP_EXP_LOGICAL_AND Expression
   22           | Expression . OP_EXP_LOGICAL_OR Expression

    OP_EXP_SHIFT_LEFT   shift, and go to state 27
    OP_EXP_SHIFT_RIGHT  shift, and go to state 28
    OP_EXP_SUBTRACT     shift, and go to state 29
    OP_EXP_ADD          shift, and go to state 30
    OP_EXP_MODULO       shift, and go to state 31
    OP_EXP_DIVIDE       shift, and go to state 32
    OP_EXP_MULTIPLY     shift, and go to state 33

    $default  reduce using rule 13 (Expression)


state 45

    5 Expression: Expression . OP_EXP_MULTIPLY Expression
    6           | Expression . OP_EXP_DIVIDE Expression
    7           | Expression . OP_EXP_MODULO Expression
    8           | Expression . OP_EXP_ADD Expression
    9           | Expression . OP_EXP_SUBTRACT Expression
   10           | Expression . OP_EXP_SHIFT_RIGHT Expression
   11           | Expression . OP_EXP_SHIFT_LEFT Expression
   12           | Expression . OP_EXP_GREATER Expression
   12           | Expression OP_EXP_GREATER Expression .
   13           | Expression . OP_EXP_LESS Expression
   14           | Expression . OP_EXP_GREATER_EQUAL Expression
   15           | Expression . OP_EXP_LESS_EQUAL Expression
   16           | Expression . OP_EXP_EQUAL Expression
   17           | Expression . OP_EXP_NOT_EQUAL Expression
   18           | Expression . OP_EXP_AND Expression
   19           | Expression . OP_EXP_XOR Expression
   20           | Expression . OP_EXP_OR Expression
   21           | Expression . OP_EXP_LOGICAL_AND Expression
   22           | Expression . OP_EXP_LOGICAL_OR Expression

    OP_EXP_SHIFT_LEFT   shift, and go to state 27
    OP_EXP_SHIFT_RIGHT  shift, and go to state 28
    OP_EXP_SUBTRACT     shift, and go to state 29
    OP_EXP_ADD          shift, and go to state 30
    OP_EXP_MODULO       shift, and go to state 31
    OP_EXP_DIVIDE       shift, and go to state 32
    OP_EXP_MULTIPLY     shift, and go to state 33

    $default  reduce using rule 12 (Expression)


state 46

    5 Expression: Expression . OP_EXP_MULTIPLY Expression
    6           | Expression . OP_EXP_DIVIDE Expression
    7           | Expression . OP_EXP_MODULO Expression
    8           | Expression . OP_EXP_ADD Expression
    9           | Expression . OP_EXP_SUBTRACT Expression
   10           | Expression . OP_EXP_SHIFT_RIGHT Expression
   11           | Expression . OP_EXP_SHIFT_LEFT Expression
   11           | Expression OP_EXP_SHIFT_LEFT Expression .
   12           | Expression . OP_EXP_GREATER Expression
   13           | Expression . OP_EXP_LESS Expression
   14           | Expression . OP_EXP_GREATER_EQUAL Expression
   15           | Expression . OP_EXP_LESS_EQUAL Expression
   16           | Expression . OP_EXP_EQUAL Expression
   17           | Expression . OP_EXP_NOT_EQUAL Expression
   18           | Expression . OP_EXP_AND Expression
   19           | Expression . OP_EXP_XOR Expression
   20           | Expression . OP_EXP_OR Expression
   21           | Expression . OP_EXP_LOGICAL_AND Expression
   22           | Expression . OP_EXP_LOGICAL_OR Expression

    OP_EXP_SUBTRACT  shift, and go to state 29
    OP_EXP_ADD       shift, and go to state 30
    OP_EXP_MODULO    shift, and go to state 31
    OP_EXP_DIVIDE    shift, and go to state 32
    OP_EXP_MULTIPLY  shift, and go to state 33

    $default  reduce using rule 11 (Expression)


state 47

    5 Expression: Expression . OP_EXP_MULTIPLY Expression
    6           | Expression . OP_EXP_DIVIDE Expression
    7           | Expression . OP_EXP_MODULO Expression
    8           | Expression . OP_EXP_ADD Expression
    9           | Expression . OP_EXP_SUBTRACT Expression
   10           | Expression . OP_EXP_SHIFT_RIGHT Expression
   10           | Expression OP_EXP_SHIFT_RIGHT Expression .
   11           | Expression . OP_EXP_SHIFT_LEFT Expression
   12           | Expression . OP_EXP_GREATER Expression
   13           | Expression . OP_EXP_LESS Expression
   14           | Expression . OP_EXP_GREATER_EQUAL Expression
   15           | Expression . OP_EXP_LESS_EQUAL Expression
   16           | Expression . OP_EXP_EQUAL Expression
   17           | Expression . OP_EXP_NOT_EQUAL Expression
   18           | Expression . OP_EXP_AND Expression
   19           | Expression . OP_EXP_XOR Expression
   20           | Expression . OP_EXP_OR Expression
   21           | Expression . OP_EXP_LOGICAL_AND Expression
   22           | Expression . OP_EXP_LOGICAL_OR Expression

    OP_EXP_SUBTRACT  shift, and go to state 29
    OP_EXP_ADD       shift, and go to state 30
    OP_EXP_MODULO    shift, and go to state 31
    OP_EXP_DIVIDE    shift, and go to state 32
    OP_EXP_MULTIPLY  shift, and go to state 33

    $default  reduce using rule 10 (Expression)


state 48

    5 Expression: Expression . OP_EXP_MULTIPLY Expression
    6           | Expression . OP_EXP_DIVIDE Expression
    7           | Expression . OP_EXP_MODULO Expression
    8           | Expression . OP_EXP_ADD Expression
    9           | Expression . OP_EXP_SUBTRACT Expression
    9           | Expression OP_EXP_SUBTRACT Expression .
   10           | Expression . OP_EXP_SHIFT_RIGHT Expression
   11           | Expression . OP_EXP_SHIFT_LEFT Expression
   12           | Expression . OP_EXP_GREATER Expression
   13           | Expression . OP_EXP_LESS Expression
   14           | Expression . OP_EXP_GREATER_EQUAL Expression
   15           | Expression . OP_EXP_LESS_EQUAL Expression
   16           | Expression . OP_EXP_EQUAL Expression
   17           | Expression . OP_EXP_NOT_EQUAL Expression
   18           | Expression . OP_EXP_AND Expression
   19           | Expression . OP_EXP_XOR Expression
   20           | Expression . OP_EXP_OR Expression
   21           | Expression . OP_EXP_LOGICAL_AND Expression
   22           | Expression . OP_EXP_LOGICAL_OR Expression

    OP_EXP_MODULO    shift, and go to state 31
    OP_EXP_DIVIDE    shift, and go to state 32
    OP_EXP_MULTIPLY  shift, and go to state 33

    $default  reduce using rule 9 (Expression)


state 49

    5 Expression: Expression . OP_EXP_MULTIPLY Expression
    6           | Expression . OP_EXP_DIVIDE Expression
    7           | Expression . OP_EXP_MODULO Expression
    8           | Expression . OP_EXP_ADD Expression
    8           | Expression OP_EXP_ADD Expression .
    9           | Expression . OP_EXP_SUBTRACT Expression
   10           | Expression . OP_EXP_SHIFT_RIGHT Expression
   11           | Expression . OP_EXP_SHIFT_LEFT Expression
   12           | Expression . OP_EXP_GREATER Expression
   13           | Expression . OP_EXP_LESS Expression
   14           | Expression . OP_EXP_GREATER_EQUAL Expression
   15           | Expression . OP_EXP_LESS_EQUAL Expression
   16           | Expression . OP_EXP_EQUAL Expression
   17           | Expression . OP_EXP_NOT_EQUAL Expression
   18           | Expression . OP_EXP_AND Expression
   19           | Expression . OP_EXP_XOR Expression
   20           | Expression . OP_EXP_OR Expression
   21           | Expression . OP_EXP_LOGICAL_AND Expression
   22           | Expression . OP_EXP_LOGICAL_OR Expression

    OP_EXP_MODULO    shift, and go to state 31
    OP_EXP_DIVIDE    shift, and go to state 32
    OP_EXP_MULTIPLY  shift, and go to state 33

    $default  reduce using rule 8 (Expression)


state 50

    5 Expression: Expression . OP_EXP_MULTIPLY Expression
    6           | Expression . OP_EXP_DIVIDE Expression
    7           | Expression . OP_EXP_MODULO Expression
    7           | Expression OP_EXP_MODULO Expression .
    8           | Expression . OP_EXP_ADD Expression
    9           | Expression . OP_EXP_SUBTRACT Expression
   10           | Expression . OP_EXP_SHIFT_RIGHT Expression
   11           | Expression . OP_EXP_SHIFT_LEFT Expression
   12           | Expression . OP_EXP_GREATER Expression
   13           | Expression . OP_EXP_LESS Expression
   14           | Expression . OP_EXP_GREATER_EQUAL Expression
   15           | Expression . OP_EXP_LESS_EQUAL Expression
   16           | Expression . OP_EXP_EQUAL Expression
   17           | Expression . OP_EXP_NOT_EQUAL Expression
   18           | Expression . OP_EXP_AND Expression
   19           | Expression . OP_EXP_XOR Expression
   20           | Expression . OP_EXP_OR Expression
   21           | Expression . OP_EXP_LOGICAL_AND Expression
   22           | Expression . OP_EXP_LOGICAL_OR Expression

    $default  reduce using rule 7 (Expression)


state 51

    5 Expression: Expression . OP_EXP_MULTIPLY Expression
    6           | Expression . OP_EXP_DIVIDE Expression
    6           | Expression OP_EXP_DIVIDE Expression .
    7           | Expression . OP_EXP_MODULO Expression
    8           | Expression . OP_EXP_ADD Expression
    9           | Expression . OP_EXP_SUBTRACT Expression
   10           | Expression . OP_EXP_SHIFT_RIGHT Expression
   11           | Expression . OP_EXP_SHIFT_LEFT Expression
   12           | Expression . OP_EXP_GREATER Expression
   13           | Expression . OP_EXP_LESS Expression
   14           | Expression . OP_EXP_GREATER_EQUAL Expression
   15           | Expression . OP_EXP_LESS_EQUAL Expression
   16           | Expression . OP_EXP_EQUAL Expression
   17           | Expression . OP_EXP_NOT_EQUAL Expression
   18           | Expression . OP_EXP_AND Expression
   19           | Expression . OP_EXP_XOR Expression
   20           | Expression . OP_EXP_OR Expression
   21           | Expression . OP_EXP_LOGICAL_AND Expression
   22           | Expression . OP_EXP_LOGICAL_OR Expression

    $default  reduce using rule 6 (Expression)


state 52

    5 Expression: Expression . OP_EXP_MULTIPLY Expression
    5           | Expression OP_EXP_MULTIPLY Expression .
    6           | Expression . OP_EXP_DIVIDE Expression
    7           | Expression . OP_EXP_MODULO Expression
    8           | Expression . OP_EXP_ADD Expression
    9           | Expression . OP_EXP_SUBTRACT Expression
   10           | Expression . OP_EXP_SHIFT_RIGHT Expression
   11           | Expression . OP_EXP_SHIFT_LEFT Expression
   12           | Expression . OP_EXP_GREATER Expression
   13           | Expression . OP_EXP_LESS Expression
   14           | Expression . OP_EXP_GREATER_EQUAL Expression
   15           | Expression . OP_EXP_LESS_EQUAL Expression
   16           | Expression . OP_EXP_EQUAL Expression
   17           | Expression . OP_EXP_NOT_EQUAL Expression
   18           | Expression . OP_EXP_AND Expression
   19           | Expression . OP_EXP_XOR Expression
   20           | Expression . OP_EXP_OR Expression
   21           | Expression . OP_EXP_LOGICAL_AND Expression
   22           | Expression . OP_EXP_LOGICAL_OR Expression

    $default  reduce using rule 5 (Expression)
